
Testing benchmark
[INFO] tool_registered - {"name":"memory"}
[INFO] tool_registered - {"name":"skill_view"}
[INFO] tool_registered - {"name":"skill_manage"}
[INFO] tool_registered - {"name":"delegate_task"}
[INFO] tool_registered - {"name":"terminal"}
[INFO] tool_registered - {"name":"browser_navigate"}
[INFO] tool_registered - {"name":"browser_snapshot"}
[INFO] tool_registered - {"name":"browser_click"}
[INFO] tool_registered - {"name":"browser_type"}
[INFO] tool_registered - {"name":"set_plan"}
[INFO] tool_registered - {"name":"patch"}
[INFO] tool_registered - {"name":"vision_analyze"}
[INFO] tool_registered - {"name":"text_to_speech"}

=== BENCHMARK TASK: Exploration ===
Instruction: Find all files in clj_agents/ containing the word 'register!' and list their names.
[INFO] :llm_call - {"model":"tencent/hy3-preview:free","role":"primary"}
[INFO] tool_call_start - {"name":"terminal","args":"{\"command\": \"grep -rl 'register!' clj_agents/\"}"}
[INFO] tool_call_end - {"name":"terminal"}
[INFO] :llm_call - {"model":"tencent/hy3-preview:free","role":"primary"}
Duration: 11320 ms
Result: Files containing 'register!' in clj_agents/:

```
clj_agents/mcp.clj
clj_agents/tools/patch.clj
clj_agents/tools/browser.clj
clj_agents/tools/system_tools.clj
clj_agents/tools/terminal.clj
clj_agents/tools/multimedia.clj
clj_agents/s22_hook_system.clj
clj_agents/delegation.clj
clj_agents/memory.clj
clj_agents/s15_scheduled_tasks.clj
clj_agents/hooks.clj
clj_agents/registry.clj
clj_agents/skill.clj
```

=== BENCHMARK TASK: Memory ===
Instruction: Add a memory entry 'Project uses Babashka with OpenRouter' and then read it back to confirm.
[INFO] :llm_call - {"model":"tencent/hy3-preview:free","role":"primary"}
[INFO] tool_call_start - {"name":"memory","args":"{\"action\": \"read\"}"}
[INFO] tool_call_end - {"name":"memory"}
[INFO] tool_call_start - {"name":"memory","args":"{\"action\": \"add\", \"content\": \"Project uses Babashka with OpenRouter\"}"}
[INFO] tool_call_end - {"name":"memory"}
[INFO] :llm_call - {"model":"tencent/hy3-preview:free","role":"primary"}
[INFO] tool_call_start - {"name":"memory","args":"{\"action\": \"search\", \"content\": \"Babashka\"}"}
[INFO] tool_call_end - {"name":"memory"}
[INFO] :llm_call - {"model":"tencent/hy3-preview:free","role":"primary"}
Duration: 16826 ms

=== BENCHMARK TASK: Debug ===
Instruction: There is a broken_script.py in the current directory. Find the error and fix it so it prints 'Hello 123'.
[INFO] :llm_call - {"model":"tencent/hy3-preview:free","role":"primary"}
[INFO] tool_call_start - {"name":"terminal","args":"{\"command\": \"cat broken_script.py\"}"}
[INFO] tool_call_end - {"name":"terminal"}
[INFO] :llm_call - {"model":"tencent/hy3-preview:free","role":"primary"}
[INFO] tool_call_start - {"name":"terminal","args":"{\"command\": \"python3 broken_script.py 2>&1\"}"}
[INFO] tool_call_end - {"name":"terminal"}
[INFO] :llm_call - {"model":"tencent/hy3-preview:free","role":"primary"}
[INFO] tool_call_start - {"name":"patch","args":"{\"path\": \"broken_script.py\", \"find\": \"print('Hello' + 123)\", \"replace\": \"print('Hello 123')\"}"}
[INFO] tool_call_end - {"name":"patch"}
[INFO] :llm_call - {"model":"tencent/hy3-preview:free","role":"primary"}
[INFO] tool_call_start - {"name":"terminal","args":"{\"command\": \"python3 broken_script.py\"}"}
[INFO] tool_call_end - {"name":"terminal"}
[INFO] :llm_call - {"model":"tencent/hy3-preview:free","role":"primary"}

[SYSTEM] Spawning background review thread...
[BG-REVIEW] Consolidating memory...
[INFO] :llm_call - {"model":"inclusionai/ling-2.6-1t:free","role":"auxiliary"}
Duration: 37074 ms
[SYSTEM] Cleaning up resources...
[SYSTEM] Cleanup complete.

Ran 1 tests containing 5 assertions.
0 failures, 0 errors.
